// Jest Snapshot v1, https://goo.gl/fbAQLP

exports[`TextField renders correctly 1`] = `
<div
  className="text-field"
>
  <div
    className="text-field--icon"
  >
    <img
      src="TestIcon"
    />
  </div>
  <input
    data-testid="input"
    onChange={[Function]}
    placeholder="Find love"
  />
</div>
`;
